C:/Users/caiom/Downloads/LoRaWan-E5-Node-main/Projects/Applications/LoRaWAN/LoRaWAN_End_Node/LoRaWAN/App/lora_app.c:426:13:OnTxTimerLedEvent	0	static
C:/Users/caiom/Downloads/LoRaWan-E5-Node-main/Projects/Applications/LoRaWAN/LoRaWAN_End_Node/LoRaWAN/App/lora_app.c:431:13:OnRxTimerLedEvent	0	static
C:/Users/caiom/Downloads/LoRaWan-E5-Node-main/Projects/Applications/LoRaWAN/LoRaWAN_End_Node/LoRaWAN/App/lora_app.c:443:13:OnTxData	24	static
C:/Users/caiom/Downloads/LoRaWan-E5-Node-main/Projects/Applications/LoRaWAN/LoRaWAN_End_Node/LoRaWAN/App/lora_app.c:411:13:OnTxTimerEvent	8	static
C:/Users/caiom/Downloads/LoRaWan-E5-Node-main/Projects/Applications/LoRaWAN/LoRaWAN_End_Node/LoRaWAN/App/lora_app.c:500:13:OnMacProcessNotify	8	static
C:/Users/caiom/Downloads/LoRaWan-E5-Node-main/Projects/Applications/LoRaWAN/LoRaWAN_End_Node/LoRaWAN/App/lora_app.c:319:13:OnRxData	40	static
C:/Users/caiom/Downloads/LoRaWan-E5-Node-main/Projects/Applications/LoRaWAN/LoRaWAN_End_Node/LoRaWAN/App/lora_app.c:472:13:OnJoinRequest	8	static
C:/Users/caiom/Downloads/LoRaWan-E5-Node-main/Projects/Applications/LoRaWAN/LoRaWAN_End_Node/LoRaWAN/App/lora_app.c:385:13:SendTxData	24	static
C:/Users/caiom/Downloads/LoRaWan-E5-Node-main/Projects/Applications/LoRaWAN/LoRaWAN_End_Node/LoRaWAN/App/lora_app.c:436:13:OnJoinTimerLedEvent	8	static
C:/Users/caiom/Downloads/LoRaWan-E5-Node-main/Projects/Applications/LoRaWAN/LoRaWAN_End_Node/LoRaWAN/App/lora_app.c:219:6:LoRaWAN_Init	48	static
C:/Users/caiom/Downloads/LoRaWan-E5-Node-main/Projects/Applications/LoRaWAN/LoRaWAN_End_Node/LoRaWAN/App/lora_app.c:299:6:HAL_GPIO_EXTI_Callback	8	static
