C:/Users/caiom/Downloads/LoRaWan-E5-Node-main/Projects/Applications/LoRaWAN/LoRaWAN_End_Node/Core/Src/main.c:160:6:Error_Handler	1
C:/Users/caiom/Downloads/LoRaWan-E5-Node-main/Projects/Applications/LoRaWAN/LoRaWAN_End_Node/Core/Src/main.c:111:6:SystemClock_Config	1
C:/Users/caiom/Downloads/LoRaWan-E5-Node-main/Projects/Applications/LoRaWAN/LoRaWAN_End_Node/Core/Src/main.c:171:6:GPIO_Init	1
C:/Users/caiom/Downloads/LoRaWan-E5-Node-main/Projects/Applications/LoRaWAN/LoRaWAN_End_Node/Core/Src/main.c:65:5:main	1
