C:/Users/caiom/Downloads/LoRaWan-E5-Node-main/Projects/Applications/LoRaWAN/LoRaWAN_End_Node/Core/Src/rtc.c:31:6:MX_RTC_Init	56	static
C:/Users/caiom/Downloads/LoRaWan-E5-Node-main/Projects/Applications/LoRaWAN/LoRaWAN_End_Node/Core/Src/rtc.c:85:6:HAL_RTC_MspInit	72	static
C:/Users/caiom/Downloads/LoRaWan-E5-Node-main/Projects/Applications/LoRaWAN/LoRaWAN_End_Node/Core/Src/rtc.c:119:6:HAL_RTC_MspDeInit	8	static
C:/Users/caiom/Downloads/LoRaWan-E5-Node-main/Projects/Applications/LoRaWAN/LoRaWAN_End_Node/Core/Src/rtc.c:141:6:RTC_Sleep	8	static
C:/Users/caiom/Downloads/LoRaWan-E5-Node-main/Projects/Applications/LoRaWAN/LoRaWAN_End_Node/Core/Src/rtc.c:150:6:HAL_RTCEx_WakeUpTimerEventCallback	8	static
