C:/Users/caiom/Downloads/LoRaWan-E5-Node-main/Projects/Applications/LoRaWAN/LoRaWAN_End_Node/Core/Src/sys_app.c:302:13:tiny_snprintf_like	16	static
C:/Users/caiom/Downloads/LoRaWan-E5-Node-main/Projects/Applications/LoRaWAN/LoRaWAN_End_Node/Core/Src/sys_app.c:266:13:TimestampNow	32	static
C:/Users/caiom/Downloads/LoRaWan-E5-Node-main/Projects/Applications/LoRaWAN/LoRaWAN_End_Node/Core/Src/sys_app.c:89:6:SystemApp_Init	8	static
C:/Users/caiom/Downloads/LoRaWan-E5-Node-main/Projects/Applications/LoRaWAN/LoRaWAN_End_Node/Core/Src/sys_app.c:137:6:UTIL_SEQ_Idle	8	static
C:/Users/caiom/Downloads/LoRaWan-E5-Node-main/Projects/Applications/LoRaWAN/LoRaWAN_End_Node/Core/Src/sys_app.c:148:9:GetBatteryLevel	16	static
C:/Users/caiom/Downloads/LoRaWan-E5-Node-main/Projects/Applications/LoRaWAN/LoRaWAN_End_Node/Core/Src/sys_app.c:182:10:GetTemperatureLevel	8	static
C:/Users/caiom/Downloads/LoRaWan-E5-Node-main/Projects/Applications/LoRaWAN/LoRaWAN_End_Node/Core/Src/sys_app.c:193:10:GetCurrentLevel	8	static
C:/Users/caiom/Downloads/LoRaWan-E5-Node-main/Projects/Applications/LoRaWAN/LoRaWAN_End_Node/Core/Src/sys_app.c:200:6:GetUniqueId	16	static
C:/Users/caiom/Downloads/LoRaWan-E5-Node-main/Projects/Applications/LoRaWAN/LoRaWAN_End_Node/Core/Src/sys_app.c:240:10:GetDevAddr	8	static
C:/Users/caiom/Downloads/LoRaWan-E5-Node-main/Projects/Applications/LoRaWAN/LoRaWAN_End_Node/Core/Src/sys_app.c:280:6:UTIL_ADV_TRACE_PreSendHook	8	static
C:/Users/caiom/Downloads/LoRaWan-E5-Node-main/Projects/Applications/LoRaWAN/LoRaWAN_End_Node/Core/Src/sys_app.c:291:6:UTIL_ADV_TRACE_PostSendHook	8	static
C:/Users/caiom/Downloads/LoRaWan-E5-Node-main/Projects/Applications/LoRaWAN/LoRaWAN_End_Node/Core/Src/sys_app.c:325:19:HAL_InitTick	0	static
C:/Users/caiom/Downloads/LoRaWan-E5-Node-main/Projects/Applications/LoRaWAN/LoRaWAN_End_Node/Core/Src/sys_app.c:340:10:HAL_GetTick	8	static
C:/Users/caiom/Downloads/LoRaWan-E5-Node-main/Projects/Applications/LoRaWAN/LoRaWAN_End_Node/Core/Src/sys_app.c:355:6:HAL_Delay	16	static
